../Core/Src/stm32f1xx_hal_msp.c:66:6:HAL_MspInit	8	static
../Core/Src/stm32f1xx_hal_msp.c:93:6:HAL_ADC_MspInit	32	static
../Core/Src/stm32f1xx_hal_msp.c:128:6:HAL_ADC_MspDeInit	0	static
../Core/Src/stm32f1xx_hal_msp.c:159:6:HAL_CAN_MspInit	32	static
../Core/Src/stm32f1xx_hal_msp.c:205:6:HAL_CAN_MspDeInit	8	static
../Core/Src/stm32f1xx_hal_msp.c:237:6:HAL_TIM_Base_MspInit	8	static
../Core/Src/stm32f1xx_hal_msp.c:259:6:HAL_TIM_Base_MspDeInit	0	static
../Core/Src/stm32f1xx_hal_msp.c:281:6:HAL_UART_MspInit	48	static
../Core/Src/stm32f1xx_hal_msp.c:358:6:HAL_UART_MspDeInit	8	static
