../Core/App/Communication/IntComm.c:62:5:bIsForProcess	0	static
../Core/App/Communication/IntComm.c:83:5:bIsForRoutOut	0	static
../Core/App/Communication/IntComm.c:159:6:procesIncomingFrame	16	static
../Core/App/Communication/IntComm.c:103:6:RoutFrame	32	static
../Core/App/Communication/IntComm.c:31:6:Command_Handler	8	static
../Core/App/Communication/IntComm.c:257:13:getTxBuffer	0	static
../Core/App/Communication/IntComm.c:265:6:lineIsFree	0	static
../Core/App/Communication/IntComm.c:271:6:quickSend	0	static
../Core/App/Communication/IntComm.c:280:6:processTelemetryRequest	16	static
../Core/App/Communication/IntComm.c:234:6:Telemetry_Handler	16	static
