../Core/App/Communication/IntUart.c:49:6:uart_EnableTranceiver	0	static
../Core/App/Communication/IntUart.c:101:13:uart_TxComplete_Callback	0	static
../Core/App/Communication/IntUart.c:88:6:uart_Enable	8	static
../Core/App/Communication/IntUart.c:119:6:uart_Send	16	static
../Core/App/Communication/IntUart.c:135:5:uart_bIsTransmitting	0	static
../Core/App/Communication/IntUart.c:150:5:uart_bIsRecived	0	static
../Core/App/Communication/IntUart.c:163:5:uart_bRecivedBytesNum	0	static
../Core/App/Communication/IntUart.c:175:9:uart_GetByte	16	static
../Core/App/Communication/IntUart.c:204:24:uart_GetStatistics	0	static
../Core/App/Communication/IntUart.c:210:6:ClearStatistics	0	static
